python : Traceback 
(most recent call 
last):
At line:1 char:1
+ python tests/unit/t
est_services.py > 
test_output.txt 2>&1
+ ~~~~~~~~~~~~~~~~~~~
~~~~~~~~~~~~~~~~~~~~~
~~~~~~~~~~~~~~~~~
    + CategoryInfo   
           : NotSpe  
  cified: (Traceba   
 ck (most recent     
call last)::Stri    
ng) [], RemoteEx    
ception
    + FullyQualified 
   ErrorId : Native  
  CommandError
 
  File "C:\Personal\P
rojects\Django\Supple
ments-Store\tests\uni
t\test_services.py", 
line 3, in <module>
    from Prime_Supple
ments.models import 
User, Product, Cart, 
CartItem, Review
ModuleNotFoundError: 
No module named 
'Prime_Supplements'
